2026-07-16 14:41:51 0 [Note] Starting MariaDB 10.11.18-MariaDB source revision 197f92bee02d8e836f529f37625be69b83e7acbd server_uid 3ODzu/3mYL+UvJcrJaRGgCcb9vM= as process 30664
2026-07-16 14:41:51 0 [Note] InnoDB: The first data file './ibdata1' did not exist. A new tablespace will be created!
2026-07-16 14:41:51 0 [Note] InnoDB: Compressed tables use zlib 1.3.2
2026-07-16 14:41:51 0 [Note] InnoDB: Number of transaction pools: 1
2026-07-16 14:41:51 0 [Note] InnoDB: Using crc32 + pclmulqdq instructions
2026-07-16 14:41:51 0 [Note] InnoDB: Using ThreadPool
2026-07-16 14:41:51 0 [Note] InnoDB: innodb_buffer_pool_size_max=8388609m, innodb_buffer_pool_size=21m
2026-07-16 14:41:51 0 [Note] InnoDB: Completed initialization of buffer pool
2026-07-16 14:41:51 0 [Note] InnoDB: Setting file './ibdata1' size to 12.000MiB. Physically writing the file full; Please wait ...
2026-07-16 14:41:51 0 [Note] InnoDB: File './ibdata1' size is now 12.000MiB.
2026-07-16 14:41:52 0 [Note] InnoDB: File system buffers for log disabled (block size=4096 bytes)
2026-07-16 14:41:52 0 [Note] InnoDB: Doublewrite buffer not found: creating new
2026-07-16 14:41:52 0 [Note] InnoDB: Doublewrite buffer created
2026-07-16 14:41:52 0 [Note] InnoDB: 128 rollback segments are active.
2026-07-16 14:41:52 0 [Note] InnoDB: Setting file './ibtmp1' size to 12.000MiB. Physically writing the file full; Please wait ...
2026-07-16 14:41:52 0 [Note] InnoDB: File './ibtmp1' size is now 12.000MiB.
2026-07-16 14:41:52 0 [Note] InnoDB: log sequence number 0; transaction id 3
2026-07-16 14:41:52 0 [Note] Plugin 'FEEDBACK' is disabled.
2026-07-16 14:41:52 0 [Note] mysqld.exe: SSPI: using principal name 'localhost', mech 'Negotiate'
2026-07-16 15:47:35 0 [Note] Starting MariaDB 10.11.18-MariaDB source revision 197f92bee02d8e836f529f37625be69b83e7acbd server_uid ajNgAiP4VA1cbZncuGzX5mxYDRE= as process 36148
2026-07-16 15:47:35 0 [Note] InnoDB: Compressed tables use zlib 1.3.2
2026-07-16 15:47:35 0 [Note] InnoDB: Number of transaction pools: 1
2026-07-16 15:47:35 0 [Note] InnoDB: Using crc32 + pclmulqdq instructions
2026-07-16 15:47:35 0 [Note] InnoDB: Using ThreadPool
2026-07-16 15:47:35 0 [Note] InnoDB: innodb_buffer_pool_size_max=8388608m, innodb_buffer_pool_size=512m
2026-07-16 15:47:35 0 [Note] InnoDB: Completed initialization of buffer pool
2026-07-16 15:47:35 0 [Note] InnoDB: File system buffers for log disabled (block size=4096 bytes)
2026-07-16 15:47:35 0 [Note] InnoDB: Starting crash recovery from checkpoint LSN=70015450
2026-07-16 15:47:35 0 [Note] InnoDB: End of log at LSN=78528045
2026-07-16 15:47:35 0 [Note] InnoDB: To recover: 1134 pages
2026-07-16 15:47:35 0 [Note] InnoDB: 128 rollback segments are active.
2026-07-16 15:47:35 0 [Note] InnoDB: Removed temporary tablespace data file: "./ibtmp1"
2026-07-16 15:47:35 0 [Note] InnoDB: Setting file './ibtmp1' size to 12.000MiB. Physically writing the file full; Please wait ...
2026-07-16 15:47:35 0 [Note] InnoDB: File './ibtmp1' size is now 12.000MiB.
2026-07-16 15:47:35 0 [Note] InnoDB: log sequence number 78528045; transaction id 399
2026-07-16 15:47:35 0 [Note] Plugin 'FEEDBACK' is disabled.
2026-07-16 15:47:35 0 [Note] InnoDB: Loading buffer pool(s) from d:\工作\code\spiderV5_optimized\setup\mariadb-10.11.18-winx64\data\ib_buffer_pool
2026-07-16 15:47:35 0 [Note] InnoDB: Buffer pool(s) load completed at 260716 15:47:35
2026-07-16 15:47:40 0 [Note] mysqld.exe: SSPI: using principal name 'localhost', mech 'Negotiate'
2026-07-16 15:47:40 0 [Note] Server socket created on IP: '::', port: '3306'.
2026-07-16 15:47:40 0 [Note] Server socket created on IP: '0.0.0.0', port: '3306'.
2026-07-16 15:47:40 0 [Note] D:\工作\code\spiderV5_optimized\setup\mariadb-10.11.18-winx64\bin\mysqld.exe: ready for connections.
Version: '10.11.18-MariaDB'  socket: ''  port: 3306  MariaDB Server
2026-07-16 16:13:49 3 [Warning] Aborted connection 3 to db: 'warehouse_data' user: 'root' host: 'localhost' (Got an error reading communication packets)
2026-07-16 16:13:49 6 [Warning] Aborted connection 6 to db: 'warehouse_data' user: 'root' host: 'localhost' (Got an error reading communication packets)
2026-07-16 16:13:49 4 [Warning] Aborted connection 4 to db: 'warehouse_data' user: 'root' host: 'localhost' (Got an error reading communication packets)
2026-07-16 16:13:49 5 [Warning] Aborted connection 5 to db: 'warehouse_data' user: 'root' host: 'localhost' (Got an error reading communication packets)
2026-07-16 16:23:38 11 [Warning] Aborted connection 11 to db: 'warehouse_data' user: 'root' host: 'localhost' (Got an error reading communication packets)
2026-07-16 16:23:38 10 [Warning] Aborted connection 10 to db: 'warehouse_data' user: 'root' host: 'localhost' (Got an error reading communication packets)
2026-07-16 16:23:38 12 [Warning] Aborted connection 12 to db: 'warehouse_data' user: 'root' host: 'localhost' (Got an error reading communication packets)
2026-07-16 16:23:38 13 [Warning] Aborted connection 13 to db: 'warehouse_data' user: 'root' host: 'localhost' (Got an error reading communication packets)
2026-07-16 16:26:23 16 [Warning] Aborted connection 16 to db: 'warehouse_data' user: 'root' host: 'localhost' (Got an error reading communication packets)
2026-07-16 16:27:36 18 [Warning] Aborted connection 18 to db: 'warehouse_data' user: 'root' host: 'localhost' (Got an error reading communication packets)
2026-07-16 16:30:07 20 [Warning] Aborted connection 20 to db: 'warehouse_data' user: 'root' host: 'localhost' (Got an error reading communication packets)
2026-07-16 16:30:07 19 [Warning] Aborted connection 19 to db: 'warehouse_data' user: 'root' host: 'localhost' (Got an error reading communication packets)
2026-07-16 16:32:40 21 [Warning] Aborted connection 21 to db: 'warehouse_data' user: 'root' host: 'localhost' (Got an error reading communication packets)
2026-07-16 17:29:24 23 [Warning] Aborted connection 23 to db: 'warehouse_data' user: 'root' host: 'localhost' (Got an error reading communication packets)
2026-07-16 17:29:24 22 [Warning] Aborted connection 22 to db: 'warehouse_data' user: 'root' host: 'localhost' (Got an error reading communication packets)
2026-07-16 17:31:20 26 [Warning] Aborted connection 26 to db: 'warehouse_data' user: 'root' host: 'localhost' (Got an error reading communication packets)
2026-07-16 17:45:51 35 [Warning] Aborted connection 35 to db: 'warehouse_data' user: 'root' host: 'localhost' (Got an error reading communication packets)
2026-07-16 17:48:28 31 [Warning] Aborted connection 31 to db: 'warehouse_data' user: 'root' host: 'localhost' (Got an error reading communication packets)
2026-07-16 17:48:28 30 [Warning] Aborted connection 30 to db: 'warehouse_data' user: 'root' host: 'localhost' (Got an error reading communication packets)
2026-07-16 18:57:19 37 [Warning] Aborted connection 37 to db: 'warehouse_data' user: 'root' host: 'localhost' (Got an error reading communication packets)
2026-07-16 18:57:19 38 [Warning] Aborted connection 38 to db: 'warehouse_data' user: 'root' host: 'localhost' (Got an error reading communication packets)
2026-07-16 18:57:19 39 [Warning] Aborted connection 39 to db: 'warehouse_data' user: 'root' host: 'localhost' (Got an error reading communication packets)
2026-07-16 19:02:09 58 [Warning] Aborted connection 58 to db: 'warehouse_data' user: 'root' host: 'localhost' (Got an error reading communication packets)
2026-07-16 19:02:09 54 [Warning] Aborted connection 54 to db: 'warehouse_data' user: 'root' host: 'localhost' (Got an error reading communication packets)
2026-07-16 19:02:09 57 [Warning] Aborted connection 57 to db: 'warehouse_data' user: 'root' host: 'localhost' (Got an error reading communication packets)
2026-07-16 19:02:09 53 [Warning] Aborted connection 53 to db: 'warehouse_data' user: 'root' host: 'localhost' (Got an error reading communication packets)
2026-07-16 19:02:09 56 [Warning] Aborted connection 56 to db: 'warehouse_data' user: 'root' host: 'localhost' (Got an error reading communication packets)
2026-07-16 20:05:35 101 [Warning] Aborted connection 101 to db: 'warehouse_data' user: 'root' host: 'localhost' (Got an error reading communication packets)
2026-07-16 20:05:35 100 [Warning] Aborted connection 100 to db: 'warehouse_data' user: 'root' host: 'localhost' (Got an error reading communication packets)
2026-07-16 20:07:37 106 [Warning] Aborted connection 106 to db: 'warehouse_data' user: 'root' host: 'localhost' (Got an error reading communication packets)
2026-07-16 20:18:28 116 [Warning] Aborted connection 116 to db: 'warehouse_data' user: 'root' host: 'localhost' (Got an error reading communication packets)
2026-07-16 20:18:28 115 [Warning] Aborted connection 115 to db: 'warehouse_data' user: 'root' host: 'localhost' (Got an error reading communication packets)
2026-07-16 20:19:03 118 [Warning] Aborted connection 118 to db: 'warehouse_data' user: 'root' host: 'localhost' (Got an error reading communication packets)
2026-07-16 20:19:03 120 [Warning] Aborted connection 120 to db: 'warehouse_data' user: 'root' host: 'localhost' (Got an error reading communication packets)
2026-07-16 20:19:03 117 [Warning] Aborted connection 117 to db: 'warehouse_data' user: 'root' host: 'localhost' (Got an error reading communication packets)
2026-07-16 20:19:12 0 [Note] Windows service "MariaDB":  received SERVICE_CONTROL_SHUTDOWN
2026-07-16 20:19:12 0 [Note] D:\工作\code\spiderV5_optimized\setup\mariadb-10.11.18-winx64\bin\mysqld.exe (initiated by: unknown): Normal shutdown
2026-07-16 20:19:12 0 [Note] InnoDB: FTS optimize thread exiting.
2026-07-16 20:19:12 0 [Note] InnoDB: Starting shutdown...
2026-07-16 20:19:12 0 [Note] InnoDB: Dumping buffer pool(s) to d:\工作\code\spiderV5_optimized\setup\mariadb-10.11.18-winx64\data\ib_buffer_pool
2026-07-16 20:19:12 0 [Note] InnoDB: Buffer pool(s) dump completed at 260716 20:19:12
2026-07-16 20:19:13 0 [Note] InnoDB: Removed temporary tablespace data file: "./ibtmp1"
2026-07-16 20:19:13 0 [Note] Shutdown completed; log sequence number 130595823; transaction id 22742
2026-07-16 20:19:13 0 [Note] D:\工作\code\spiderV5_optimized\setup\mariadb-10.11.18-winx64\bin\mysqld.exe: Shutdown complete
2026-07-17  8:33:49 0 [Note] Starting MariaDB 10.11.18-MariaDB source revision 197f92bee02d8e836f529f37625be69b83e7acbd server_uid ajNgAiP4VA1cbZncuGzX5mxYDRE= as process 7932
2026-07-17  8:33:49 0 [Note] InnoDB: Compressed tables use zlib 1.3.2
2026-07-17  8:33:49 0 [Note] InnoDB: Number of transaction pools: 1
2026-07-17  8:33:49 0 [Note] InnoDB: Using crc32 + pclmulqdq instructions
2026-07-17  8:33:49 0 [Note] InnoDB: Using ThreadPool
2026-07-17  8:33:49 0 [Note] InnoDB: innodb_buffer_pool_size_max=8388613m, innodb_buffer_pool_size=512m
2026-07-17  8:33:49 0 [Note] InnoDB: Completed initialization of buffer pool
2026-07-17  8:33:49 0 [Note] InnoDB: File system buffers for log disabled (block size=4096 bytes)
2026-07-17  8:33:49 0 [Note] InnoDB: End of log at LSN=130595823
2026-07-17  8:33:49 0 [Note] InnoDB: 128 rollback segments are active.
2026-07-17  8:33:49 0 [Note] InnoDB: Setting file './ibtmp1' size to 12.000MiB. Physically writing the file full; Please wait ...
2026-07-17  8:33:49 0 [Note] InnoDB: File './ibtmp1' size is now 12.000MiB.
2026-07-17  8:33:49 0 [Note] InnoDB: log sequence number 130595823; transaction id 22743
2026-07-17  8:33:49 0 [Note] Plugin 'FEEDBACK' is disabled.
2026-07-17  8:33:49 0 [Note] mysqld.exe: SSPI: using principal name 'localhost', mech 'Negotiate'
2026-07-17  8:33:49 0 [Note] InnoDB: Loading buffer pool(s) from d:\工作\code\spiderV5_optimized\setup\mariadb-10.11.18-winx64\data\ib_buffer_pool
2026-07-17  8:33:50 0 [Note] Server socket created on IP: '::', port: '3306'.
2026-07-17  8:33:50 0 [Note] Server socket created on IP: '0.0.0.0', port: '3306'.
2026-07-17  8:33:50 0 [Note] InnoDB: Buffer pool(s) load completed at 260717  8:33:50
2026-07-17  8:33:50 0 [Note] D:\工作\code\spiderV5_optimized\setup\mariadb-10.11.18-winx64\bin\mysqld.exe: ready for connections.
Version: '10.11.18-MariaDB'  socket: ''  port: 3306  MariaDB Server
2026-07-17 13:37:04 19 [Warning] Aborted connection 19 to db: 'warehouse_data' user: 'root' host: 'localhost' (Got an error reading communication packets)
2026-07-17 13:37:04 22 [Warning] Aborted connection 22 to db: 'warehouse_data' user: 'root' host: 'localhost' (Got an error reading communication packets)
2026-07-17 15:30:28 47 [Warning] Aborted connection 47 to db: 'warehouse_data' user: 'root' host: 'localhost' (Got an error reading communication packets)
2026-07-17 15:31:39 48 [Warning] Aborted connection 48 to db: 'warehouse_data' user: 'root' host: 'localhost' (Got an error reading communication packets)
2026-07-17 15:36:20 39 [Warning] Aborted connection 39 to db: 'warehouse_data' user: 'root' host: 'localhost' (Got an error reading communication packets)
2026-07-17 15:36:20 44 [Warning] Aborted connection 44 to db: 'warehouse_data' user: 'root' host: 'localhost' (Got an error reading communication packets)
2026-07-17 15:36:20 45 [Warning] Aborted connection 45 to db: 'warehouse_data' user: 'root' host: 'localhost' (Got an error reading communication packets)
2026-07-17 15:36:20 54 [Warning] Aborted connection 54 to db: 'warehouse_data' user: 'root' host: 'localhost' (Got an error reading communication packets)
2026-07-17 15:36:20 52 [Warning] Aborted connection 52 to db: 'warehouse_data' user: 'root' host: 'localhost' (Got an error reading communication packets)
2026-07-17 15:36:48 42 [Warning] Aborted connection 42 to db: 'warehouse_data' user: 'root' host: 'localhost' (Got an error reading communication packets)
2026-07-17 15:52:32 59 [Warning] Aborted connection 59 to db: 'warehouse_data' user: 'root' host: 'localhost' (Got an error reading communication packets)
2026-07-17 15:52:32 58 [Warning] Aborted connection 58 to db: 'warehouse_data' user: 'root' host: 'localhost' (Got an error reading communication packets)
2026-07-17 15:52:32 57 [Warning] Aborted connection 57 to db: 'warehouse_data' user: 'root' host: 'localhost' (Got an error reading communication packets)
2026-07-17 15:54:15 62 [Warning] Aborted connection 62 to db: 'warehouse_data' user: 'root' host: 'localhost' (Got an error reading communication packets)
2026-07-17 16:16:21 64 [Warning] Aborted connection 64 to db: 'warehouse_data' user: 'root' host: 'localhost' (Got an error reading communication packets)
2026-07-17 16:16:21 63 [Warning] Aborted connection 63 to db: 'warehouse_data' user: 'root' host: 'localhost' (Got an error reading communication packets)
2026-07-17 17:33:30 77 [Warning] Aborted connection 77 to db: 'warehouse_data' user: 'root' host: 'localhost' (Got an error reading communication packets)
2026-07-17 17:33:30 72 [Warning] Aborted connection 72 to db: 'warehouse_data' user: 'root' host: 'localhost' (Got an error reading communication packets)
2026-07-17 17:33:30 68 [Warning] Aborted connection 68 to db: 'warehouse_data' user: 'root' host: 'localhost' (Got an error reading communication packets)
2026-07-17 17:35:26 80 [Warning] Aborted connection 80 to db: 'warehouse_data' user: 'root' host: 'localhost' (Got an error reading communication packets)
2026-07-17 17:35:26 79 [Warning] Aborted connection 79 to db: 'warehouse_data' user: 'root' host: 'localhost' (Got an error reading communication packets)
2026-07-17 17:35:26 78 [Warning] Aborted connection 78 to db: 'warehouse_data' user: 'root' host: 'localhost' (Got an error reading communication packets)
2026-07-17 17:35:26 81 [Warning] Aborted connection 81 to db: 'warehouse_data' user: 'root' host: 'localhost' (Got an error reading communication packets)
2026-07-17 18:06:19 84 [Warning] Aborted connection 84 to db: 'warehouse_data' user: 'root' host: 'localhost' (Got an error reading communication packets)
2026-07-17 18:06:19 85 [Warning] Aborted connection 85 to db: 'warehouse_data' user: 'root' host: 'localhost' (Got an error reading communication packets)
2026-07-17 18:06:19 82 [Warning] Aborted connection 82 to db: 'warehouse_data' user: 'root' host: 'localhost' (Got an error reading communication packets)
2026-07-17 18:06:19 83 [Warning] Aborted connection 83 to db: 'warehouse_data' user: 'root' host: 'localhost' (Got an error reading communication packets)
2026-07-17 18:08:15 0 [Note] Windows service "MariaDB":  received SERVICE_CONTROL_SHUTDOWN
2026-07-17 18:08:15 0 [Note] D:\工作\code\spiderV5_optimized\setup\mariadb-10.11.18-winx64\bin\mysqld.exe (initiated by: unknown): Normal shutdown
2026-07-17 18:08:15 0 [Note] InnoDB: FTS optimize thread exiting.
2026-07-17 18:08:15 0 [Note] InnoDB: Starting shutdown...
2026-07-17 18:08:15 0 [Note] InnoDB: Dumping buffer pool(s) to d:\工作\code\spiderV5_optimized\setup\mariadb-10.11.18-winx64\data\ib_buffer_pool
2026-07-17 18:08:15 0 [Note] InnoDB: Buffer pool(s) dump completed at 260717 18:08:15
2026-07-17 18:08:15 0 [Note] InnoDB: Removed temporary tablespace data file: "./ibtmp1"
2026-07-17 18:08:15 0 [Note] Shutdown completed; log sequence number 340172412; transaction id 53427
2026-07-17 18:08:15 0 [Note] D:\工作\code\spiderV5_optimized\setup\mariadb-10.11.18-winx64\bin\mysqld.exe: Shutdown complete
2026-07-17 20:56:45 0 [Note] Starting MariaDB 10.11.18-MariaDB source revision 197f92bee02d8e836f529f37625be69b83e7acbd server_uid ajNgAiP4VA1cbZncuGzX5mxYDRE= as process 8112
2026-07-17 20:56:45 0 [Note] InnoDB: Compressed tables use zlib 1.3.2
2026-07-17 20:56:45 0 [Note] InnoDB: Number of transaction pools: 1
2026-07-17 20:56:45 0 [Note] InnoDB: Using crc32 + pclmulqdq instructions
2026-07-17 20:56:45 0 [Note] InnoDB: Using ThreadPool
2026-07-17 20:56:45 0 [Note] InnoDB: innodb_buffer_pool_size_max=8388609m, innodb_buffer_pool_size=512m
2026-07-17 20:56:45 0 [Note] InnoDB: Completed initialization of buffer pool
2026-07-17 20:56:45 0 [Note] InnoDB: File system buffers for log disabled (block size=4096 bytes)
2026-07-17 20:56:45 0 [Note] InnoDB: End of log at LSN=340172412
2026-07-17 20:56:45 0 [Note] InnoDB: 128 rollback segments are active.
2026-07-17 20:56:45 0 [Note] InnoDB: Setting file './ibtmp1' size to 12.000MiB. Physically writing the file full; Please wait ...
2026-07-17 20:56:45 0 [Note] InnoDB: File './ibtmp1' size is now 12.000MiB.
2026-07-17 20:56:45 0 [Note] InnoDB: log sequence number 340172412; transaction id 53428
2026-07-17 20:56:45 0 [Note] Plugin 'FEEDBACK' is disabled.
2026-07-17 20:56:45 0 [Note] InnoDB: Loading buffer pool(s) from d:\工作\code\spiderV5_optimized\setup\mariadb-10.11.18-winx64\data\ib_buffer_pool
2026-07-17 20:56:45 0 [Note] mysqld.exe: SSPI: using principal name 'localhost', mech 'Negotiate'
2026-07-17 20:56:45 0 [Note] Server socket created on IP: '::', port: '3306'.
2026-07-17 20:56:45 0 [Note] Server socket created on IP: '0.0.0.0', port: '3306'.
2026-07-17 20:56:45 0 [Note] D:\工作\code\spiderV5_optimized\setup\mariadb-10.11.18-winx64\bin\mysqld.exe: ready for connections.
Version: '10.11.18-MariaDB'  socket: ''  port: 3306  MariaDB Server
2026-07-17 20:56:45 0 [Note] InnoDB: Buffer pool(s) load completed at 260717 20:56:45
2026-07-17 23:06:49 0 [Note] Windows service "MariaDB":  received SERVICE_CONTROL_SHUTDOWN
2026-07-17 23:06:49 0 [Note] D:\工作\code\spiderV5_optimized\setup\mariadb-10.11.18-winx64\bin\mysqld.exe (initiated by: unknown): Normal shutdown
2026-07-17 23:06:49 0 [Note] InnoDB: FTS optimize thread exiting.
2026-07-17 23:06:49 0 [Note] InnoDB: Starting shutdown...
2026-07-17 23:06:49 0 [Note] InnoDB: Dumping buffer pool(s) to d:\工作\code\spiderV5_optimized\setup\mariadb-10.11.18-winx64\data\ib_buffer_pool
2026-07-17 23:06:49 0 [Note] InnoDB: Buffer pool(s) dump completed at 260717 23:06:49
2026-07-17 23:06:49 0 [Note] InnoDB: Removed temporary tablespace data file: "./ibtmp1"
2026-07-17 23:06:49 0 [Note] Shutdown completed; log sequence number 340172412; transaction id 53429
2026-07-17 23:06:49 0 [Note] D:\工作\code\spiderV5_optimized\setup\mariadb-10.11.18-winx64\bin\mysqld.exe: Shutdown complete
2026-07-18 13:38:10 0 [Note] Starting MariaDB 10.11.18-MariaDB source revision 197f92bee02d8e836f529f37625be69b83e7acbd server_uid ajNgAiP4VA1cbZncuGzX5mxYDRE= as process 8448
2026-07-18 13:38:10 0 [Note] InnoDB: Compressed tables use zlib 1.3.2
2026-07-18 13:38:10 0 [Note] InnoDB: Number of transaction pools: 1
2026-07-18 13:38:10 0 [Note] InnoDB: Using crc32 + pclmulqdq instructions
2026-07-18 13:38:10 0 [Note] InnoDB: Using ThreadPool
2026-07-18 13:38:10 0 [Note] InnoDB: innodb_buffer_pool_size_max=8388615m, innodb_buffer_pool_size=512m
2026-07-18 13:38:10 0 [Note] InnoDB: Completed initialization of buffer pool
2026-07-18 13:38:10 0 [Note] InnoDB: File system buffers for log disabled (block size=4096 bytes)
2026-07-18 13:38:10 0 [Note] InnoDB: End of log at LSN=340172412
2026-07-18 13:38:10 0 [Note] InnoDB: 128 rollback segments are active.
2026-07-18 13:38:10 0 [Note] InnoDB: Setting file './ibtmp1' size to 12.000MiB. Physically writing the file full; Please wait ...
2026-07-18 13:38:10 0 [Note] InnoDB: File './ibtmp1' size is now 12.000MiB.
2026-07-18 13:38:10 0 [Note] InnoDB: log sequence number 340172412; transaction id 53428
2026-07-18 13:38:10 0 [Note] Plugin 'FEEDBACK' is disabled.
2026-07-18 13:38:10 0 [Note] mysqld.exe: SSPI: using principal name 'localhost', mech 'Negotiate'
2026-07-18 13:38:10 0 [Note] InnoDB: Loading buffer pool(s) from d:\工作\code\spiderV5_optimized\setup\mariadb-10.11.18-winx64\data\ib_buffer_pool
2026-07-18 13:38:10 0 [Note] Server socket created on IP: '::', port: '3306'.
2026-07-18 13:38:10 0 [Note] Server socket created on IP: '0.0.0.0', port: '3306'.
2026-07-18 13:38:10 0 [Note] InnoDB: Buffer pool(s) load completed at 260718 13:38:10
2026-07-18 13:38:10 0 [Note] D:\工作\code\spiderV5_optimized\setup\mariadb-10.11.18-winx64\bin\mysqld.exe: ready for connections.
Version: '10.11.18-MariaDB'  socket: ''  port: 3306  MariaDB Server
2026-07-18 15:35:15 0 [Note] Windows service "MariaDB":  received SERVICE_CONTROL_SHUTDOWN
2026-07-18 15:35:15 0 [Note] D:\工作\code\spiderV5_optimized\setup\mariadb-10.11.18-winx64\bin\mysqld.exe (initiated by: unknown): Normal shutdown
2026-07-18 15:35:15 0 [Note] InnoDB: FTS optimize thread exiting.
2026-07-18 15:35:15 0 [Note] InnoDB: Starting shutdown...
2026-07-18 15:35:15 0 [Note] InnoDB: Dumping buffer pool(s) to d:\工作\code\spiderV5_optimized\setup\mariadb-10.11.18-winx64\data\ib_buffer_pool
2026-07-18 15:35:15 0 [Note] InnoDB: Buffer pool(s) dump completed at 260718 15:35:15
2026-07-18 15:35:15 0 [Note] InnoDB: Removed temporary tablespace data file: "./ibtmp1"
2026-07-18 15:35:15 0 [Note] Shutdown completed; log sequence number 340172412; transaction id 53429
2026-07-18 15:35:15 0 [Note] D:\工作\code\spiderV5_optimized\setup\mariadb-10.11.18-winx64\bin\mysqld.exe: Shutdown complete
2026-07-19 12:58:37 0 [Note] Starting MariaDB 10.11.18-MariaDB source revision 197f92bee02d8e836f529f37625be69b83e7acbd server_uid ajNgAiP4VA1cbZncuGzX5mxYDRE= as process 8356
2026-07-19 12:58:37 0 [Note] InnoDB: Compressed tables use zlib 1.3.2
2026-07-19 12:58:37 0 [Note] InnoDB: Number of transaction pools: 1
2026-07-19 12:58:37 0 [Note] InnoDB: Using crc32 + pclmulqdq instructions
2026-07-19 12:58:37 0 [Note] InnoDB: Using ThreadPool
2026-07-19 12:58:37 0 [Note] InnoDB: innodb_buffer_pool_size_max=8388613m, innodb_buffer_pool_size=512m
2026-07-19 12:58:37 0 [Note] InnoDB: Completed initialization of buffer pool
2026-07-19 12:58:37 0 [Note] InnoDB: File system buffers for log disabled (block size=4096 bytes)
2026-07-19 12:58:37 0 [Note] InnoDB: End of log at LSN=340172412
2026-07-19 12:58:38 0 [Note] InnoDB: 128 rollback segments are active.
2026-07-19 12:58:38 0 [Note] InnoDB: Setting file './ibtmp1' size to 12.000MiB. Physically writing the file full; Please wait ...
2026-07-19 12:58:38 0 [Note] InnoDB: File './ibtmp1' size is now 12.000MiB.
2026-07-19 12:58:38 0 [Note] InnoDB: log sequence number 340172412; transaction id 53428
2026-07-19 12:58:38 0 [Note] Plugin 'FEEDBACK' is disabled.
2026-07-19 12:58:38 0 [Note] mysqld.exe: SSPI: using principal name 'localhost', mech 'Negotiate'
2026-07-19 12:58:38 0 [Note] InnoDB: Loading buffer pool(s) from d:\工作\code\spiderV5_optimized\setup\mariadb-10.11.18-winx64\data\ib_buffer_pool
2026-07-19 12:58:38 0 [Note] Server socket created on IP: '::', port: '3306'.
2026-07-19 12:58:38 0 [Note] Server socket created on IP: '0.0.0.0', port: '3306'.
2026-07-19 12:58:38 0 [Note] InnoDB: Buffer pool(s) load completed at 260719 12:58:38
2026-07-19 12:58:38 0 [Note] D:\工作\code\spiderV5_optimized\setup\mariadb-10.11.18-winx64\bin\mysqld.exe: ready for connections.
Version: '10.11.18-MariaDB'  socket: ''  port: 3306  MariaDB Server
2026-07-19 21:59:01 0 [Note] Windows service "MariaDB":  received SERVICE_CONTROL_SHUTDOWN
2026-07-19 21:59:01 0 [Note] D:\工作\code\spiderV5_optimized\setup\mariadb-10.11.18-winx64\bin\mysqld.exe (initiated by: unknown): Normal shutdown
2026-07-19 21:59:01 0 [Note] InnoDB: FTS optimize thread exiting.
2026-07-19 21:59:01 0 [Note] InnoDB: Starting shutdown...
2026-07-19 21:59:01 0 [Note] InnoDB: Dumping buffer pool(s) to d:\工作\code\spiderV5_optimized\setup\mariadb-10.11.18-winx64\data\ib_buffer_pool
2026-07-19 21:59:01 0 [Note] InnoDB: Buffer pool(s) dump completed at 260719 21:59:01
2026-07-19 21:59:01 0 [Note] InnoDB: Removed temporary tablespace data file: "./ibtmp1"
2026-07-19 21:59:01 0 [Note] Shutdown completed; log sequence number 340172412; transaction id 53429
2026-07-19 21:59:01 0 [Note] D:\工作\code\spiderV5_optimized\setup\mariadb-10.11.18-winx64\bin\mysqld.exe: Shutdown complete
2026-07-20  8:34:32 0 [Note] Starting MariaDB 10.11.18-MariaDB source revision 197f92bee02d8e836f529f37625be69b83e7acbd server_uid ajNgAiP4VA1cbZncuGzX5mxYDRE= as process 8376
2026-07-20  8:34:32 0 [Note] InnoDB: Compressed tables use zlib 1.3.2
2026-07-20  8:34:32 0 [Note] InnoDB: Number of transaction pools: 1
2026-07-20  8:34:32 0 [Note] InnoDB: Using crc32 + pclmulqdq instructions
2026-07-20  8:34:32 0 [Note] InnoDB: Using ThreadPool
2026-07-20  8:34:32 0 [Note] InnoDB: innodb_buffer_pool_size_max=8388614m, innodb_buffer_pool_size=512m
2026-07-20  8:34:32 0 [Note] InnoDB: Completed initialization of buffer pool
2026-07-20  8:34:32 0 [Note] InnoDB: File system buffers for log disabled (block size=4096 bytes)
2026-07-20  8:34:32 0 [Note] InnoDB: End of log at LSN=340172412
2026-07-20  8:34:33 0 [Note] InnoDB: 128 rollback segments are active.
2026-07-20  8:34:33 0 [Note] InnoDB: Setting file './ibtmp1' size to 12.000MiB. Physically writing the file full; Please wait ...
2026-07-20  8:34:33 0 [Note] InnoDB: File './ibtmp1' size is now 12.000MiB.
2026-07-20  8:34:33 0 [Note] InnoDB: log sequence number 340172412; transaction id 53428
2026-07-20  8:34:33 0 [Note] Plugin 'FEEDBACK' is disabled.
2026-07-20  8:34:33 0 [Note] mysqld.exe: SSPI: using principal name 'localhost', mech 'Negotiate'
2026-07-20  8:34:33 0 [Note] InnoDB: Loading buffer pool(s) from d:\工作\code\spiderV5_optimized\setup\mariadb-10.11.18-winx64\data\ib_buffer_pool
2026-07-20  8:34:33 0 [Note] Server socket created on IP: '::', port: '3306'.
2026-07-20  8:34:33 0 [Note] Server socket created on IP: '0.0.0.0', port: '3306'.
2026-07-20  8:34:33 0 [Note] InnoDB: Buffer pool(s) load completed at 260720  8:34:33
2026-07-20  8:34:33 0 [Note] D:\工作\code\spiderV5_optimized\setup\mariadb-10.11.18-winx64\bin\mysqld.exe: ready for connections.
Version: '10.11.18-MariaDB'  socket: ''  port: 3306  MariaDB Server
2026-07-20 14:17:24 21 [Warning] Aborted connection 21 to db: 'warehouse_data' user: 'root' host: 'localhost' (Got an error reading communication packets)
2026-07-20 14:17:24 17 [Warning] Aborted connection 17 to db: 'warehouse_data' user: 'root' host: 'localhost' (Got an error reading communication packets)
2026-07-20 14:17:24 20 [Warning] Aborted connection 20 to db: 'warehouse_data' user: 'root' host: 'localhost' (Got an error reading communication packets)
2026-07-20 14:36:35 27 [Warning] Aborted connection 27 to db: 'warehouse_data' user: 'root' host: 'localhost' (Got an error reading communication packets)
2026-07-20 14:41:59 50 [Warning] Aborted connection 50 to db: 'warehouse_data' user: 'root' host: 'localhost' (Got an error reading communication packets)
2026-07-20 14:51:26 93 [Warning] Aborted connection 93 to db: 'warehouse_data' user: 'root' host: 'localhost' (Got an error reading communication packets)
2026-07-20 15:17:51 162 [Warning] Aborted connection 162 to db: 'warehouse_data' user: 'root' host: 'localhost' (Got an error reading communication packets)
2026-07-20 15:31:14 249 [Warning] Aborted connection 249 to db: 'warehouse_data' user: 'root' host: 'localhost' (Got an error reading communication packets)
2026-07-20 15:44:02 312 [Warning] Aborted connection 312 to db: 'warehouse_data' user: 'root' host: 'localhost' (Got an error reading communication packets)
2026-07-20 16:02:00 340 [Warning] Aborted connection 340 to db: 'warehouse_data' user: 'root' host: 'localhost' (Got an error reading communication packets)
2026-07-20 16:05:59 382 [Warning] Aborted connection 382 to db: 'warehouse_data' user: 'root' host: 'localhost' (Got an error reading communication packets)
2026-07-20 16:31:51 445 [Warning] Aborted connection 445 to db: 'warehouse_data' user: 'root' host: 'localhost' (Got an error reading communication packets)
2026-07-20 17:52:45 22 [Warning] Aborted connection 22 to db: 'warehouse_data' user: 'root' host: 'localhost' (Got an error reading communication packets)
2026-07-20 17:52:45 16 [Warning] Aborted connection 16 to db: 'warehouse_data' user: 'root' host: 'localhost' (Got an error reading communication packets)
2026-07-20 17:52:45 18 [Warning] Aborted connection 18 to db: 'warehouse_data' user: 'root' host: 'localhost' (Got an error reading communication packets)
2026-07-20 17:54:34 0 [Note] Windows service "MariaDB":  received SERVICE_CONTROL_SHUTDOWN
2026-07-20 17:54:34 0 [Note] D:\工作\code\spiderV5_optimized\setup\mariadb-10.11.18-winx64\bin\mysqld.exe (initiated by: unknown): Normal shutdown
2026-07-20 17:54:34 0 [Note] InnoDB: FTS optimize thread exiting.
2026-07-20 17:54:34 0 [Note] InnoDB: Starting shutdown...
2026-07-20 17:54:34 0 [Note] InnoDB: Dumping buffer pool(s) to d:\工作\code\spiderV5_optimized\setup\mariadb-10.11.18-winx64\data\ib_buffer_pool
2026-07-20 17:54:34 0 [Note] InnoDB: Buffer pool(s) dump completed at 260720 17:54:34
2026-07-20 17:54:34 0 [Note] InnoDB: Removed temporary tablespace data file: "./ibtmp1"
2026-07-20 17:54:34 0 [Note] Shutdown completed; log sequence number 488606642; transaction id 55169
2026-07-20 17:54:34 0 [Note] D:\工作\code\spiderV5_optimized\setup\mariadb-10.11.18-winx64\bin\mysqld.exe: Shutdown complete
2026-07-20 19:02:08 0 [Note] Starting MariaDB 10.11.18-MariaDB source revision 197f92bee02d8e836f529f37625be69b83e7acbd server_uid ajNgAiP4VA1cbZncuGzX5mxYDRE= as process 8288
2026-07-20 19:02:08 0 [Note] InnoDB: Compressed tables use zlib 1.3.2
2026-07-20 19:02:08 0 [Note] InnoDB: Number of transaction pools: 1
2026-07-20 19:02:08 0 [Note] InnoDB: Using crc32 + pclmulqdq instructions
2026-07-20 19:02:08 0 [Note] InnoDB: Using ThreadPool
2026-07-20 19:02:08 0 [Note] InnoDB: innodb_buffer_pool_size_max=8388612m, innodb_buffer_pool_size=512m
2026-07-20 19:02:08 0 [Note] InnoDB: Completed initialization of buffer pool
2026-07-20 19:02:08 0 [Note] InnoDB: File system buffers for log disabled (block size=4096 bytes)
2026-07-20 19:02:08 0 [Note] InnoDB: End of log at LSN=488606642
2026-07-20 19:02:08 0 [Note] InnoDB: 128 rollback segments are active.
2026-07-20 19:02:08 0 [Note] InnoDB: Setting file './ibtmp1' size to 12.000MiB. Physically writing the file full; Please wait ...
2026-07-20 19:02:08 0 [Note] InnoDB: File './ibtmp1' size is now 12.000MiB.
2026-07-20 19:02:08 0 [Note] InnoDB: log sequence number 488606642; transaction id 55169
2026-07-20 19:02:08 0 [Note] Plugin 'FEEDBACK' is disabled.
2026-07-20 19:02:08 0 [Note] InnoDB: Loading buffer pool(s) from d:\工作\code\spiderV5_optimized\setup\mariadb-10.11.18-winx64\data\ib_buffer_pool
2026-07-20 19:02:08 0 [Note] mysqld.exe: SSPI: using principal name 'localhost', mech 'Negotiate'
2026-07-20 19:02:08 0 [Note] Server socket created on IP: '::', port: '3306'.
2026-07-20 19:02:08 0 [Note] Server socket created on IP: '0.0.0.0', port: '3306'.
2026-07-20 19:02:09 0 [Note] InnoDB: Buffer pool(s) load completed at 260720 19:02:09
2026-07-20 19:02:09 0 [Note] D:\工作\code\spiderV5_optimized\setup\mariadb-10.11.18-winx64\bin\mysqld.exe: ready for connections.
Version: '10.11.18-MariaDB'  socket: ''  port: 3306  MariaDB Server
2026-07-20 22:43:12 0 [Note] Windows service "MariaDB":  received SERVICE_CONTROL_SHUTDOWN
2026-07-20 22:43:12 0 [Note] D:\工作\code\spiderV5_optimized\setup\mariadb-10.11.18-winx64\bin\mysqld.exe (initiated by: unknown): Normal shutdown
2026-07-20 22:43:12 0 [Note] InnoDB: FTS optimize thread exiting.
2026-07-20 22:43:12 0 [Note] InnoDB: Starting shutdown...
2026-07-20 22:43:12 0 [Note] InnoDB: Dumping buffer pool(s) to d:\工作\code\spiderV5_optimized\setup\mariadb-10.11.18-winx64\data\ib_buffer_pool
2026-07-20 22:43:12 0 [Note] InnoDB: Buffer pool(s) dump completed at 260720 22:43:12
2026-07-20 22:43:13 0 [Note] InnoDB: Removed temporary tablespace data file: "./ibtmp1"
2026-07-20 22:43:13 0 [Note] Shutdown completed; log sequence number 488606642; transaction id 55170
2026-07-20 22:43:13 0 [Note] D:\工作\code\spiderV5_optimized\setup\mariadb-10.11.18-winx64\bin\mysqld.exe: Shutdown complete
2026-07-21 10:41:36 0 [Note] Starting MariaDB 10.11.18-MariaDB source revision 197f92bee02d8e836f529f37625be69b83e7acbd server_uid ajNgAiP4VA1cbZncuGzX5mxYDRE= as process 8068
2026-07-21 10:41:36 0 [Note] InnoDB: Compressed tables use zlib 1.3.2
2026-07-21 10:41:36 0 [Note] InnoDB: Number of transaction pools: 1
2026-07-21 10:41:36 0 [Note] InnoDB: Using crc32 + pclmulqdq instructions
2026-07-21 10:41:36 0 [Note] InnoDB: Using ThreadPool
2026-07-21 10:41:36 0 [Note] InnoDB: innodb_buffer_pool_size_max=8388613m, innodb_buffer_pool_size=512m
2026-07-21 10:41:36 0 [Note] InnoDB: Completed initialization of buffer pool
2026-07-21 10:41:36 0 [Note] InnoDB: File system buffers for log disabled (block size=4096 bytes)
2026-07-21 10:41:36 0 [Note] InnoDB: End of log at LSN=488606642
2026-07-21 10:41:36 0 [Note] InnoDB: 128 rollback segments are active.
2026-07-21 10:41:36 0 [Note] InnoDB: Setting file './ibtmp1' size to 12.000MiB. Physically writing the file full; Please wait ...
2026-07-21 10:41:36 0 [Note] InnoDB: File './ibtmp1' size is now 12.000MiB.
2026-07-21 10:41:36 0 [Note] InnoDB: log sequence number 488606642; transaction id 55169
2026-07-21 10:41:36 0 [Note] Plugin 'FEEDBACK' is disabled.
2026-07-21 10:41:36 0 [Note] mysqld.exe: SSPI: using principal name 'localhost', mech 'Negotiate'
2026-07-21 10:41:36 0 [Note] InnoDB: Loading buffer pool(s) from d:\工作\code\spiderV5_optimized\setup\mariadb-10.11.18-winx64\data\ib_buffer_pool
2026-07-21 10:41:36 0 [Note] Server socket created on IP: '::', port: '3306'.
2026-07-21 10:41:36 0 [Note] Server socket created on IP: '0.0.0.0', port: '3306'.
2026-07-21 10:41:36 0 [Note] InnoDB: Buffer pool(s) load completed at 260721 10:41:36
2026-07-21 10:41:36 0 [Note] D:\工作\code\spiderV5_optimized\setup\mariadb-10.11.18-winx64\bin\mysqld.exe: ready for connections.
Version: '10.11.18-MariaDB'  socket: ''  port: 3306  MariaDB Server
2026-07-21 11:22:41 18 [Warning] Aborted connection 18 to db: 'warehouse_data' user: 'root' host: 'localhost' (Got an error reading communication packets)
2026-07-21 13:35:10 32 [Warning] Aborted connection 32 to db: 'warehouse_data' user: 'root' host: 'localhost' (Got an error reading communication packets)
2026-07-21 13:35:10 25 [Warning] Aborted connection 25 to db: 'warehouse_data' user: 'root' host: 'localhost' (Got an error reading communication packets)
2026-07-21 13:55:13 39 [Warning] Aborted connection 39 to db: 'warehouse_data' user: 'root' host: 'localhost' (Got an error reading communication packets)
2026-07-21 13:57:12 40 [Warning] Aborted connection 40 to db: 'warehouse_data' user: 'root' host: 'localhost' (Got an error reading communication packets)
2026-07-21 13:57:41 37 [Warning] Aborted connection 37 to db: 'warehouse_data' user: 'root' host: 'localhost' (Got an error writing communication packets)
2026-07-21 13:58:07 36 [Warning] Aborted connection 36 to db: 'warehouse_data' user: 'root' host: 'localhost' (Got an error writing communication packets)
2026-07-21 13:59:38 35 [Warning] Aborted connection 35 to db: 'warehouse_data' user: 'root' host: 'localhost' (Got an error writing communication packets)
2026-07-21 18:53:44 69 [Warning] Aborted connection 69 to db: 'warehouse_data' user: 'root' host: 'localhost' (Got an error reading communication packets)
2026-07-21 18:53:44 67 [Warning] Aborted connection 67 to db: 'warehouse_data' user: 'root' host: 'localhost' (Got an error reading communication packets)
2026-07-21 18:53:44 70 [Warning] Aborted connection 70 to db: 'warehouse_data' user: 'root' host: 'localhost' (Got an error reading communication packets)
2026-07-21 18:53:44 71 [Warning] Aborted connection 71 to db: 'warehouse_data' user: 'root' host: 'localhost' (Got an error reading communication packets)
2026-07-21 18:53:44 68 [Warning] Aborted connection 68 to db: 'warehouse_data' user: 'root' host: 'localhost' (Got an error reading communication packets)
2026-07-21 18:53:45 63 [Warning] Aborted connection 63 to db: 'warehouse_data' user: 'root' host: 'localhost' (Got an error reading communication packets)
2026-07-21 19:33:37 80 [Warning] Aborted connection 80 to db: 'warehouse_data' user: 'root' host: 'localhost' (Got an error reading communication packets)
2026-07-21 19:33:37 79 [Warning] Aborted connection 79 to db: 'warehouse_data' user: 'root' host: 'localhost' (Got an error reading communication packets)
2026-07-21 19:33:38 76 [Warning] Aborted connection 76 to db: 'warehouse_data' user: 'root' host: 'localhost' (Got an error reading communication packets)
2026-07-21 19:33:38 75 [Warning] Aborted connection 75 to db: 'warehouse_data' user: 'root' host: 'localhost' (Got an error reading communication packets)
2026-07-21 19:33:38 74 [Warning] Aborted connection 74 to db: 'warehouse_data' user: 'root' host: 'localhost' (Got an error reading communication packets)
2026-07-21 20:15:39 0 [Note] Windows service "MariaDB":  received SERVICE_CONTROL_SHUTDOWN
2026-07-21 20:15:39 0 [Note] D:\工作\code\spiderV5_optimized\setup\mariadb-10.11.18-winx64\bin\mysqld.exe (initiated by: unknown): Normal shutdown
2026-07-21 20:15:39 0 [Note] InnoDB: FTS optimize thread exiting.
2026-07-21 20:15:40 0 [Note] InnoDB: Starting shutdown...
2026-07-21 20:15:40 0 [Note] InnoDB: Dumping buffer pool(s) to d:\工作\code\spiderV5_optimized\setup\mariadb-10.11.18-winx64\data\ib_buffer_pool
2026-07-21 20:15:40 0 [Note] InnoDB: Restricted to 8112 pages due to innodb_buf_pool_dump_pct=25
2026-07-21 20:15:40 0 [Note] InnoDB: Buffer pool(s) dump completed at 260721 20:15:40
2026-07-21 20:15:40 0 [Note] InnoDB: Removed temporary tablespace data file: "./ibtmp1"
2026-07-21 20:15:40 0 [Note] Shutdown completed; log sequence number 613289748; transaction id 186927
2026-07-21 20:15:40 0 [Note] D:\工作\code\spiderV5_optimized\setup\mariadb-10.11.18-winx64\bin\mysqld.exe: Shutdown complete
2026-07-21 20:58:00 0 [Note] Starting MariaDB 10.11.18-MariaDB source revision 197f92bee02d8e836f529f37625be69b83e7acbd server_uid ajNgAiP4VA1cbZncuGzX5mxYDRE= as process 8372
2026-07-21 20:58:00 0 [Note] InnoDB: Compressed tables use zlib 1.3.2
2026-07-21 20:58:00 0 [Note] InnoDB: Number of transaction pools: 1
2026-07-21 20:58:00 0 [Note] InnoDB: Using crc32 + pclmulqdq instructions
2026-07-21 20:58:00 0 [Note] InnoDB: Using ThreadPool
2026-07-21 20:58:00 0 [Note] InnoDB: innodb_buffer_pool_size_max=8388611m, innodb_buffer_pool_size=512m
2026-07-21 20:58:00 0 [Note] InnoDB: Completed initialization of buffer pool
2026-07-21 20:58:00 0 [Note] InnoDB: File system buffers for log disabled (block size=4096 bytes)
2026-07-21 20:58:00 0 [Note] InnoDB: End of log at LSN=613289748
2026-07-21 20:58:00 0 [Note] InnoDB: 128 rollback segments are active.
2026-07-21 20:58:00 0 [Note] InnoDB: Setting file './ibtmp1' size to 12.000MiB. Physically writing the file full; Please wait ...
2026-07-21 20:58:00 0 [Note] InnoDB: File './ibtmp1' size is now 12.000MiB.
2026-07-21 20:58:00 0 [Note] InnoDB: log sequence number 613289748; transaction id 186195
2026-07-21 20:58:00 0 [Note] InnoDB: Loading buffer pool(s) from d:\工作\code\spiderV5_optimized\setup\mariadb-10.11.18-winx64\data\ib_buffer_pool
2026-07-21 20:58:00 0 [Note] Plugin 'FEEDBACK' is disabled.
2026-07-21 20:58:00 0 [Note] mysqld.exe: SSPI: using principal name 'localhost', mech 'Negotiate'
2026-07-21 20:58:00 0 [Note] Server socket created on IP: '::', port: '3306'.
2026-07-21 20:58:00 0 [Note] Server socket created on IP: '0.0.0.0', port: '3306'.
2026-07-21 20:58:01 0 [Note] InnoDB: Buffer pool(s) load completed at 260721 20:58:01
2026-07-21 20:58:01 0 [Note] D:\工作\code\spiderV5_optimized\setup\mariadb-10.11.18-winx64\bin\mysqld.exe: ready for connections.
Version: '10.11.18-MariaDB'  socket: ''  port: 3306  MariaDB Server
2026-07-21 23:11:06 0 [Note] Windows service "MariaDB":  received SERVICE_CONTROL_SHUTDOWN
2026-07-21 23:11:06 0 [Note] D:\工作\code\spiderV5_optimized\setup\mariadb-10.11.18-winx64\bin\mysqld.exe (initiated by: unknown): Normal shutdown
2026-07-21 23:11:06 0 [Note] InnoDB: FTS optimize thread exiting.
2026-07-21 23:11:06 0 [Note] InnoDB: Starting shutdown...
2026-07-21 23:11:06 0 [Note] InnoDB: Dumping buffer pool(s) to d:\工作\code\spiderV5_optimized\setup\mariadb-10.11.18-winx64\data\ib_buffer_pool
2026-07-21 23:11:06 0 [Note] InnoDB: Buffer pool(s) dump completed at 260721 23:11:06
2026-07-21 23:11:06 0 [Note] InnoDB: Removed temporary tablespace data file: "./ibtmp1"
2026-07-21 23:11:06 0 [Note] Shutdown completed; log sequence number 613289748; transaction id 186196
2026-07-21 23:11:06 0 [Note] D:\工作\code\spiderV5_optimized\setup\mariadb-10.11.18-winx64\bin\mysqld.exe: Shutdown complete
2026-07-22  8:35:22 0 [Note] Starting MariaDB 10.11.18-MariaDB source revision 197f92bee02d8e836f529f37625be69b83e7acbd server_uid ajNgAiP4VA1cbZncuGzX5mxYDRE= as process 8068
2026-07-22  8:35:22 0 [Note] InnoDB: Compressed tables use zlib 1.3.2
2026-07-22  8:35:22 0 [Note] InnoDB: Number of transaction pools: 1
2026-07-22  8:35:22 0 [Note] InnoDB: Using crc32 + pclmulqdq instructions
2026-07-22  8:35:22 0 [Note] InnoDB: Using ThreadPool
2026-07-22  8:35:22 0 [Note] InnoDB: innodb_buffer_pool_size_max=8388615m, innodb_buffer_pool_size=512m
2026-07-22  8:35:22 0 [Note] InnoDB: Completed initialization of buffer pool
2026-07-22  8:35:22 0 [Note] InnoDB: File system buffers for log disabled (block size=4096 bytes)
2026-07-22  8:35:22 0 [Note] InnoDB: End of log at LSN=613289748
2026-07-22  8:35:22 0 [Note] InnoDB: 128 rollback segments are active.
2026-07-22  8:35:22 0 [Note] InnoDB: Setting file './ibtmp1' size to 12.000MiB. Physically writing the file full; Please wait ...
2026-07-22  8:35:22 0 [Note] InnoDB: File './ibtmp1' size is now 12.000MiB.
2026-07-22  8:35:22 0 [Note] InnoDB: log sequence number 613289748; transaction id 186195
2026-07-22  8:35:22 0 [Note] Plugin 'FEEDBACK' is disabled.
2026-07-22  8:35:22 0 [Note] InnoDB: Loading buffer pool(s) from d:\工作\code\spiderV5_optimized\setup\mariadb-10.11.18-winx64\data\ib_buffer_pool
2026-07-22  8:35:22 0 [Note] mysqld.exe: SSPI: using principal name 'localhost', mech 'Negotiate'
2026-07-22  8:35:23 0 [Note] Server socket created on IP: '::', port: '3306'.
2026-07-22  8:35:23 0 [Note] Server socket created on IP: '0.0.0.0', port: '3306'.
2026-07-22  8:35:23 0 [Note] InnoDB: Buffer pool(s) load completed at 260722  8:35:23
2026-07-22  8:35:23 0 [Note] D:\工作\code\spiderV5_optimized\setup\mariadb-10.11.18-winx64\bin\mysqld.exe: ready for connections.
Version: '10.11.18-MariaDB'  socket: ''  port: 3306  MariaDB Server
2026-07-22 15:06:26 25 [Warning] Aborted connection 25 to db: 'warehouse_data' user: 'root' host: 'localhost' (Got an error reading communication packets)
2026-07-22 15:57:58 12 [Warning] Aborted connection 12 to db: 'warehouse_data' user: 'root' host: 'localhost' (Got an error reading communication packets)
2026-07-22 15:57:58 10 [Warning] Aborted connection 10 to db: 'warehouse_data' user: 'root' host: 'localhost' (Got an error reading communication packets)
2026-07-22 15:57:58 11 [Warning] Aborted connection 11 to db: 'warehouse_data' user: 'root' host: 'localhost' (Got an error reading communication packets)
2026-07-22 15:57:58 30 [Warning] Aborted connection 30 to db: 'warehouse_data' user: 'root' host: 'localhost' (Got an error reading communication packets)
2026-07-22 18:03:58 35 [Warning] Aborted connection 35 to db: 'warehouse_data' user: 'root' host: 'localhost' (Got an error reading communication packets)
2026-07-22 18:03:58 33 [Warning] Aborted connection 33 to db: 'warehouse_data' user: 'root' host: 'localhost' (Got an error reading communication packets)
2026-07-22 18:03:58 34 [Warning] Aborted connection 34 to db: 'warehouse_data' user: 'root' host: 'localhost' (Got an error reading communication packets)
2026-07-22 18:06:46 0 [Note] Windows service "MariaDB":  received SERVICE_CONTROL_SHUTDOWN
2026-07-22 18:06:46 0 [Note] D:\工作\code\spiderV5_optimized\setup\mariadb-10.11.18-winx64\bin\mysqld.exe (initiated by: unknown): Normal shutdown
2026-07-22 18:06:46 0 [Note] InnoDB: FTS optimize thread exiting.
2026-07-22 18:06:46 0 [Note] InnoDB: Starting shutdown...
2026-07-22 18:06:46 0 [Note] InnoDB: Dumping buffer pool(s) to d:\工作\code\spiderV5_optimized\setup\mariadb-10.11.18-winx64\data\ib_buffer_pool
2026-07-22 18:06:46 0 [Note] InnoDB: Buffer pool(s) dump completed at 260722 18:06:46
2026-07-22 18:06:47 0 [Note] InnoDB: Removed temporary tablespace data file: "./ibtmp1"
2026-07-22 18:06:47 0 [Note] Shutdown completed; log sequence number 731078852; transaction id 372720
2026-07-22 18:06:47 0 [Note] D:\工作\code\spiderV5_optimized\setup\mariadb-10.11.18-winx64\bin\mysqld.exe: Shutdown complete
2026-07-22 20:01:32 0 [Note] Starting MariaDB 10.11.18-MariaDB source revision 197f92bee02d8e836f529f37625be69b83e7acbd server_uid ajNgAiP4VA1cbZncuGzX5mxYDRE= as process 8232
2026-07-22 20:01:32 0 [Note] InnoDB: Compressed tables use zlib 1.3.2
2026-07-22 20:01:32 0 [Note] InnoDB: Number of transaction pools: 1
2026-07-22 20:01:32 0 [Note] InnoDB: Using crc32 + pclmulqdq instructions
2026-07-22 20:01:32 0 [Note] InnoDB: Using ThreadPool
2026-07-22 20:01:32 0 [Note] InnoDB: innodb_buffer_pool_size_max=8388614m, innodb_buffer_pool_size=512m
2026-07-22 20:01:32 0 [Note] InnoDB: Completed initialization of buffer pool
2026-07-22 20:01:32 0 [Note] InnoDB: File system buffers for log disabled (block size=4096 bytes)
2026-07-22 20:01:32 0 [Note] InnoDB: End of log at LSN=731078852
2026-07-22 20:01:32 0 [Note] InnoDB: 128 rollback segments are active.
2026-07-22 20:01:32 0 [Note] InnoDB: Setting file './ibtmp1' size to 12.000MiB. Physically writing the file full; Please wait ...
2026-07-22 20:01:32 0 [Note] InnoDB: File './ibtmp1' size is now 12.000MiB.
2026-07-22 20:01:32 0 [Note] InnoDB: log sequence number 731078852; transaction id 372721
2026-07-22 20:01:32 0 [Note] Plugin 'FEEDBACK' is disabled.
2026-07-22 20:01:32 0 [Note] InnoDB: Loading buffer pool(s) from d:\工作\code\spiderV5_optimized\setup\mariadb-10.11.18-winx64\data\ib_buffer_pool
2026-07-22 20:01:32 0 [Note] mysqld.exe: SSPI: using principal name 'localhost', mech 'Negotiate'
2026-07-22 20:01:33 0 [Note] Server socket created on IP: '::', port: '3306'.
2026-07-22 20:01:33 0 [Note] Server socket created on IP: '0.0.0.0', port: '3306'.
2026-07-22 20:01:33 0 [Note] InnoDB: Buffer pool(s) load completed at 260722 20:01:33
2026-07-22 20:01:33 0 [Note] D:\工作\code\spiderV5_optimized\setup\mariadb-10.11.18-winx64\bin\mysqld.exe: ready for connections.
Version: '10.11.18-MariaDB'  socket: ''  port: 3306  MariaDB Server
2026-07-22 20:24:18 0 [Note] Windows service "MariaDB":  received SERVICE_CONTROL_SHUTDOWN
2026-07-22 20:24:18 0 [Note] D:\工作\code\spiderV5_optimized\setup\mariadb-10.11.18-winx64\bin\mysqld.exe (initiated by: unknown): Normal shutdown
2026-07-22 20:24:18 0 [Note] InnoDB: FTS optimize thread exiting.
2026-07-22 20:24:18 0 [Note] InnoDB: Starting shutdown...
2026-07-22 20:24:18 0 [Note] InnoDB: Dumping buffer pool(s) to d:\工作\code\spiderV5_optimized\setup\mariadb-10.11.18-winx64\data\ib_buffer_pool
2026-07-22 20:24:18 0 [Note] InnoDB: Buffer pool(s) dump completed at 260722 20:24:18
2026-07-22 20:24:18 0 [Note] InnoDB: Removed temporary tablespace data file: "./ibtmp1"
2026-07-22 20:24:18 0 [Note] Shutdown completed; log sequence number 731078852; transaction id 372722
2026-07-22 20:24:18 0 [Note] D:\工作\code\spiderV5_optimized\setup\mariadb-10.11.18-winx64\bin\mysqld.exe: Shutdown complete
2026-07-23 10:12:23 0 [Note] Starting MariaDB 10.11.18-MariaDB source revision 197f92bee02d8e836f529f37625be69b83e7acbd server_uid ajNgAiP4VA1cbZncuGzX5mxYDRE= as process 8736
2026-07-23 10:12:23 0 [Note] InnoDB: Compressed tables use zlib 1.3.2
2026-07-23 10:12:23 0 [Note] InnoDB: Number of transaction pools: 1
2026-07-23 10:12:23 0 [Note] InnoDB: Using crc32 + pclmulqdq instructions
2026-07-23 10:12:23 0 [Note] InnoDB: Using ThreadPool
2026-07-23 10:12:23 0 [Note] InnoDB: innodb_buffer_pool_size_max=8388614m, innodb_buffer_pool_size=512m
2026-07-23 10:12:23 0 [Note] InnoDB: Completed initialization of buffer pool
2026-07-23 10:12:23 0 [Note] InnoDB: File system buffers for log disabled (block size=4096 bytes)
2026-07-23 10:12:23 0 [Note] InnoDB: End of log at LSN=731078852
2026-07-23 10:12:24 0 [Note] InnoDB: 128 rollback segments are active.
2026-07-23 10:12:24 0 [Note] InnoDB: Setting file './ibtmp1' size to 12.000MiB. Physically writing the file full; Please wait ...
2026-07-23 10:12:24 0 [Note] InnoDB: File './ibtmp1' size is now 12.000MiB.
2026-07-23 10:12:24 0 [Note] InnoDB: log sequence number 731078852; transaction id 372721
2026-07-23 10:12:24 0 [Note] Plugin 'FEEDBACK' is disabled.
2026-07-23 10:12:24 0 [Note] InnoDB: Loading buffer pool(s) from d:\工作\code\spiderV5_optimized\setup\mariadb-10.11.18-winx64\data\ib_buffer_pool
2026-07-23 10:12:24 0 [Note] mysqld.exe: SSPI: using principal name 'localhost', mech 'Negotiate'
2026-07-23 10:12:24 0 [Note] Server socket created on IP: '::', port: '3306'.
2026-07-23 10:12:24 0 [Note] Server socket created on IP: '0.0.0.0', port: '3306'.
2026-07-23 10:12:24 0 [Note] InnoDB: Buffer pool(s) load completed at 260723 10:12:24
2026-07-23 10:12:24 0 [Note] D:\工作\code\spiderV5_optimized\setup\mariadb-10.11.18-winx64\bin\mysqld.exe: ready for connections.
Version: '10.11.18-MariaDB'  socket: ''  port: 3306  MariaDB Server
2026-07-23 20:03:35 8 [Warning] Aborted connection 8 to db: 'warehouse_data' user: 'root' host: 'localhost' (Got an error reading communication packets)
2026-07-23 20:03:35 7 [Warning] Aborted connection 7 to db: 'warehouse_data' user: 'root' host: 'localhost' (Got an error reading communication packets)
2026-07-23 20:03:35 6 [Warning] Aborted connection 6 to db: 'warehouse_data' user: 'root' host: 'localhost' (Got an error reading communication packets)
2026-07-23 20:03:35 9 [Warning] Aborted connection 9 to db: 'warehouse_data' user: 'root' host: 'localhost' (Got an error reading communication packets)
2026-07-23 20:14:41 0 [Note] Windows service "MariaDB":  received SERVICE_CONTROL_SHUTDOWN
2026-07-23 20:14:41 0 [Note] D:\工作\code\spiderV5_optimized\setup\mariadb-10.11.18-winx64\bin\mysqld.exe (initiated by: unknown): Normal shutdown
2026-07-23 20:14:41 0 [Note] InnoDB: FTS optimize thread exiting.
2026-07-23 20:14:41 0 [Note] InnoDB: Starting shutdown...
2026-07-23 20:14:41 0 [Note] InnoDB: Dumping buffer pool(s) to d:\工作\code\spiderV5_optimized\setup\mariadb-10.11.18-winx64\data\ib_buffer_pool
2026-07-23 20:14:41 0 [Note] InnoDB: Buffer pool(s) dump completed at 260723 20:14:41
2026-07-23 20:14:41 0 [Note] InnoDB: Removed temporary tablespace data file: "./ibtmp1"
2026-07-23 20:14:41 0 [Note] Shutdown completed; log sequence number 779825585; transaction id 396919
2026-07-23 20:14:41 0 [Note] D:\工作\code\spiderV5_optimized\setup\mariadb-10.11.18-winx64\bin\mysqld.exe: Shutdown complete
2026-07-23 21:01:36 0 [Note] Starting MariaDB 10.11.18-MariaDB source revision 197f92bee02d8e836f529f37625be69b83e7acbd server_uid ajNgAiP4VA1cbZncuGzX5mxYDRE= as process 8208
2026-07-23 21:01:36 0 [Note] InnoDB: Compressed tables use zlib 1.3.2
2026-07-23 21:01:36 0 [Note] InnoDB: Number of transaction pools: 1
2026-07-23 21:01:36 0 [Note] InnoDB: Using crc32 + pclmulqdq instructions
2026-07-23 21:01:36 0 [Note] InnoDB: Using ThreadPool
2026-07-23 21:01:36 0 [Note] InnoDB: innodb_buffer_pool_size_max=8388612m, innodb_buffer_pool_size=512m
2026-07-23 21:01:36 0 [Note] InnoDB: Completed initialization of buffer pool
2026-07-23 21:01:37 0 [Note] InnoDB: File system buffers for log disabled (block size=4096 bytes)
2026-07-23 21:01:37 0 [Note] InnoDB: End of log at LSN=779825585
2026-07-23 21:01:37 0 [Note] InnoDB: 128 rollback segments are active.
2026-07-23 21:01:37 0 [Note] InnoDB: Setting file './ibtmp1' size to 12.000MiB. Physically writing the file full; Please wait ...
2026-07-23 21:01:37 0 [Note] InnoDB: File './ibtmp1' size is now 12.000MiB.
2026-07-23 21:01:37 0 [Note] InnoDB: log sequence number 779825585; transaction id 396920
2026-07-23 21:01:37 0 [Note] Plugin 'FEEDBACK' is disabled.
2026-07-23 21:01:37 0 [Note] InnoDB: Loading buffer pool(s) from d:\工作\code\spiderV5_optimized\setup\mariadb-10.11.18-winx64\data\ib_buffer_pool
2026-07-23 21:01:37 0 [Note] mysqld.exe: SSPI: using principal name 'localhost', mech 'Negotiate'
2026-07-23 21:01:37 0 [Note] Server socket created on IP: '::', port: '3306'.
2026-07-23 21:01:37 0 [Note] Server socket created on IP: '0.0.0.0', port: '3306'.
2026-07-23 21:01:37 0 [Note] InnoDB: Buffer pool(s) load completed at 260723 21:01:37
2026-07-23 21:01:37 0 [Note] D:\工作\code\spiderV5_optimized\setup\mariadb-10.11.18-winx64\bin\mysqld.exe: ready for connections.
Version: '10.11.18-MariaDB'  socket: ''  port: 3306  MariaDB Server
2026-07-23 21:27:46 0 [Note] Windows service "MariaDB":  received SERVICE_CONTROL_SHUTDOWN
2026-07-23 21:27:46 0 [Note] D:\工作\code\spiderV5_optimized\setup\mariadb-10.11.18-winx64\bin\mysqld.exe (initiated by: unknown): Normal shutdown
2026-07-23 21:27:46 0 [Note] InnoDB: FTS optimize thread exiting.
2026-07-23 21:27:46 0 [Note] InnoDB: Starting shutdown...
2026-07-23 21:27:46 0 [Note] InnoDB: Dumping buffer pool(s) to d:\工作\code\spiderV5_optimized\setup\mariadb-10.11.18-winx64\data\ib_buffer_pool
2026-07-23 21:27:46 0 [Note] InnoDB: Buffer pool(s) dump completed at 260723 21:27:46
2026-07-23 21:27:46 0 [Note] InnoDB: Removed temporary tablespace data file: "./ibtmp1"
2026-07-23 21:27:46 0 [Note] Shutdown completed; log sequence number 779825585; transaction id 396921
2026-07-23 21:27:46 0 [Note] D:\工作\code\spiderV5_optimized\setup\mariadb-10.11.18-winx64\bin\mysqld.exe: Shutdown complete
2026-07-24 10:50:54 0 [Note] Starting MariaDB 10.11.18-MariaDB source revision 197f92bee02d8e836f529f37625be69b83e7acbd server_uid ajNgAiP4VA1cbZncuGzX5mxYDRE= as process 8748
2026-07-24 10:50:54 0 [Note] InnoDB: Compressed tables use zlib 1.3.2
2026-07-24 10:50:54 0 [Note] InnoDB: Number of transaction pools: 1
2026-07-24 10:50:54 0 [Note] InnoDB: Using crc32 + pclmulqdq instructions
2026-07-24 10:50:54 0 [Note] InnoDB: Using ThreadPool
2026-07-24 10:50:54 0 [Note] InnoDB: innodb_buffer_pool_size_max=8388615m, innodb_buffer_pool_size=512m
2026-07-24 10:50:54 0 [Note] InnoDB: Completed initialization of buffer pool
2026-07-24 10:50:54 0 [Note] InnoDB: File system buffers for log disabled (block size=4096 bytes)
2026-07-24 10:50:54 0 [Note] InnoDB: End of log at LSN=779825585
2026-07-24 10:50:54 0 [Note] InnoDB: 128 rollback segments are active.
2026-07-24 10:50:54 0 [Note] InnoDB: Setting file './ibtmp1' size to 12.000MiB. Physically writing the file full; Please wait ...
2026-07-24 10:50:54 0 [Note] InnoDB: File './ibtmp1' size is now 12.000MiB.
2026-07-24 10:50:54 0 [Note] InnoDB: log sequence number 779825585; transaction id 396920
2026-07-24 10:50:54 0 [Note] Plugin 'FEEDBACK' is disabled.
2026-07-24 10:50:54 0 [Note] InnoDB: Loading buffer pool(s) from d:\工作\code\spiderV5_optimized\setup\mariadb-10.11.18-winx64\data\ib_buffer_pool
2026-07-24 10:50:54 0 [Note] mysqld.exe: SSPI: using principal name 'localhost', mech 'Negotiate'
2026-07-24 10:50:54 0 [Note] Server socket created on IP: '::', port: '3306'.
2026-07-24 10:50:54 0 [Note] Server socket created on IP: '0.0.0.0', port: '3306'.
2026-07-24 10:50:55 0 [Note] InnoDB: Buffer pool(s) load completed at 260724 10:50:55
2026-07-24 10:50:55 0 [Note] D:\工作\code\spiderV5_optimized\setup\mariadb-10.11.18-winx64\bin\mysqld.exe: ready for connections.
Version: '10.11.18-MariaDB'  socket: ''  port: 3306  MariaDB Server
2026-07-24 19:12:27 0 [Note] Windows service "MariaDB":  received SERVICE_CONTROL_SHUTDOWN
2026-07-24 19:12:27 0 [Note] D:\工作\code\spiderV5_optimized\setup\mariadb-10.11.18-winx64\bin\mysqld.exe (initiated by: unknown): Normal shutdown
2026-07-24 19:12:27 0 [Note] InnoDB: FTS optimize thread exiting.
2026-07-24 19:12:27 0 [Note] InnoDB: Starting shutdown...
2026-07-24 19:12:27 0 [Note] InnoDB: Dumping buffer pool(s) to d:\工作\code\spiderV5_optimized\setup\mariadb-10.11.18-winx64\data\ib_buffer_pool
2026-07-24 19:12:27 0 [Note] InnoDB: Buffer pool(s) dump completed at 260724 19:12:27
2026-07-24 19:12:28 0 [Note] InnoDB: Removed temporary tablespace data file: "./ibtmp1"
2026-07-24 19:12:28 0 [Note] Shutdown completed; log sequence number 779825585; transaction id 396921
2026-07-24 19:12:28 0 [Note] D:\工作\code\spiderV5_optimized\setup\mariadb-10.11.18-winx64\bin\mysqld.exe: Shutdown complete
2026-07-25 10:05:35 0 [Note] Starting MariaDB 10.11.18-MariaDB source revision 197f92bee02d8e836f529f37625be69b83e7acbd server_uid ajNgAiP4VA1cbZncuGzX5mxYDRE= as process 7808
2026-07-25 10:05:35 0 [Note] InnoDB: Compressed tables use zlib 1.3.2
2026-07-25 10:05:35 0 [Note] InnoDB: Number of transaction pools: 1
2026-07-25 10:05:35 0 [Note] InnoDB: Using crc32 + pclmulqdq instructions
2026-07-25 10:05:35 0 [Note] InnoDB: Using ThreadPool
2026-07-25 10:05:35 0 [Note] InnoDB: innodb_buffer_pool_size_max=8388613m, innodb_buffer_pool_size=512m
2026-07-25 10:05:35 0 [Note] InnoDB: Completed initialization of buffer pool
2026-07-25 10:05:35 0 [Note] InnoDB: File system buffers for log disabled (block size=4096 bytes)
2026-07-25 10:05:35 0 [Note] InnoDB: End of log at LSN=779825585
2026-07-25 10:05:35 0 [Note] InnoDB: 128 rollback segments are active.
2026-07-25 10:05:35 0 [Note] InnoDB: Setting file './ibtmp1' size to 12.000MiB. Physically writing the file full; Please wait ...
2026-07-25 10:05:35 0 [Note] InnoDB: File './ibtmp1' size is now 12.000MiB.
2026-07-25 10:05:35 0 [Note] InnoDB: log sequence number 779825585; transaction id 396920
2026-07-25 10:05:35 0 [Note] Plugin 'FEEDBACK' is disabled.
2026-07-25 10:05:35 0 [Note] InnoDB: Loading buffer pool(s) from d:\工作\code\spiderV5_optimized\setup\mariadb-10.11.18-winx64\data\ib_buffer_pool
2026-07-25 10:05:35 0 [Note] mysqld.exe: SSPI: using principal name 'localhost', mech 'Negotiate'
2026-07-25 10:05:35 0 [Note] Server socket created on IP: '::', port: '3306'.
2026-07-25 10:05:35 0 [Note] Server socket created on IP: '0.0.0.0', port: '3306'.
2026-07-25 10:05:36 0 [Note] InnoDB: Buffer pool(s) load completed at 260725 10:05:36
2026-07-25 10:05:36 0 [Note] D:\工作\code\spiderV5_optimized\setup\mariadb-10.11.18-winx64\bin\mysqld.exe: ready for connections.
Version: '10.11.18-MariaDB'  socket: ''  port: 3306  MariaDB Server
2026-07-25 23:13:22 0 [Note] Windows service "MariaDB":  received SERVICE_CONTROL_SHUTDOWN
2026-07-25 23:13:22 0 [Note] D:\工作\code\spiderV5_optimized\setup\mariadb-10.11.18-winx64\bin\mysqld.exe (initiated by: unknown): Normal shutdown
2026-07-25 23:13:22 0 [Note] InnoDB: FTS optimize thread exiting.
2026-07-25 23:13:22 0 [Note] InnoDB: Starting shutdown...
2026-07-25 23:13:22 0 [Note] InnoDB: Dumping buffer pool(s) to d:\工作\code\spiderV5_optimized\setup\mariadb-10.11.18-winx64\data\ib_buffer_pool
2026-07-25 23:13:22 0 [Note] InnoDB: Buffer pool(s) dump completed at 260725 23:13:22
2026-07-25 23:13:22 0 [Note] InnoDB: Removed temporary tablespace data file: "./ibtmp1"
2026-07-25 23:13:22 0 [Note] Shutdown completed; log sequence number 779825585; transaction id 396921
2026-07-25 23:13:22 0 [Note] D:\工作\code\spiderV5_optimized\setup\mariadb-10.11.18-winx64\bin\mysqld.exe: Shutdown complete
2026-07-26 11:17:10 0 [Note] Starting MariaDB 10.11.18-MariaDB source revision 197f92bee02d8e836f529f37625be69b83e7acbd server_uid ajNgAiP4VA1cbZncuGzX5mxYDRE= as process 8396
2026-07-26 11:17:10 0 [Note] InnoDB: Compressed tables use zlib 1.3.2
2026-07-26 11:17:10 0 [Note] InnoDB: Number of transaction pools: 1
2026-07-26 11:17:10 0 [Note] InnoDB: Using crc32 + pclmulqdq instructions
2026-07-26 11:17:10 0 [Note] InnoDB: Using ThreadPool
2026-07-26 11:17:10 0 [Note] InnoDB: innodb_buffer_pool_size_max=8388610m, innodb_buffer_pool_size=512m
2026-07-26 11:17:10 0 [Note] InnoDB: Completed initialization of buffer pool
2026-07-26 11:17:10 0 [Note] InnoDB: File system buffers for log disabled (block size=4096 bytes)
2026-07-26 11:17:10 0 [Note] InnoDB: End of log at LSN=779825585
2026-07-26 11:17:10 0 [Note] InnoDB: 128 rollback segments are active.
2026-07-26 11:17:10 0 [Note] InnoDB: Setting file './ibtmp1' size to 12.000MiB. Physically writing the file full; Please wait ...
2026-07-26 11:17:10 0 [Note] InnoDB: File './ibtmp1' size is now 12.000MiB.
2026-07-26 11:17:10 0 [Note] InnoDB: log sequence number 779825585; transaction id 396920
2026-07-26 11:17:10 0 [Note] Plugin 'FEEDBACK' is disabled.
2026-07-26 11:17:10 0 [Note] InnoDB: Loading buffer pool(s) from d:\工作\code\spiderV5_optimized\setup\mariadb-10.11.18-winx64\data\ib_buffer_pool
2026-07-26 11:17:10 0 [Note] mysqld.exe: SSPI: using principal name 'localhost', mech 'Negotiate'
2026-07-26 11:17:10 0 [Note] Server socket created on IP: '::', port: '3306'.
2026-07-26 11:17:10 0 [Note] Server socket created on IP: '0.0.0.0', port: '3306'.
2026-07-26 11:17:11 0 [Note] D:\工作\code\spiderV5_optimized\setup\mariadb-10.11.18-winx64\bin\mysqld.exe: ready for connections.
Version: '10.11.18-MariaDB'  socket: ''  port: 3306  MariaDB Server
2026-07-26 11:17:11 0 [Note] InnoDB: Buffer pool(s) load completed at 260726 11:17:11
2026-07-26 11:50:52 3 [Warning] Aborted connection 3 to db: 'warehouse_data' user: 'root' host: 'localhost' (Got an error reading communication packets)
2026-07-26 22:55:59 0 [Note] Windows service "MariaDB":  received SERVICE_CONTROL_SHUTDOWN
2026-07-26 22:55:59 0 [Note] D:\工作\code\spiderV5_optimized\setup\mariadb-10.11.18-winx64\bin\mysqld.exe (initiated by: unknown): Normal shutdown
2026-07-26 22:55:59 0 [Note] InnoDB: FTS optimize thread exiting.
2026-07-26 22:55:59 0 [Note] InnoDB: Starting shutdown...
2026-07-26 22:55:59 0 [Note] InnoDB: Dumping buffer pool(s) to d:\工作\code\spiderV5_optimized\setup\mariadb-10.11.18-winx64\data\ib_buffer_pool
2026-07-26 22:55:59 0 [Note] InnoDB: Buffer pool(s) dump completed at 260726 22:55:59
2026-07-26 22:56:00 0 [Note] InnoDB: Removed temporary tablespace data file: "./ibtmp1"
2026-07-26 22:56:00 0 [Note] Shutdown completed; log sequence number 779825585; transaction id 396934
2026-07-26 22:56:00 0 [Note] D:\工作\code\spiderV5_optimized\setup\mariadb-10.11.18-winx64\bin\mysqld.exe: Shutdown complete
2026-07-27  8:23:40 0 [Note] Starting MariaDB 10.11.18-MariaDB source revision 197f92bee02d8e836f529f37625be69b83e7acbd server_uid ajNgAiP4VA1cbZncuGzX5mxYDRE= as process 7668
2026-07-27  8:23:40 0 [Note] InnoDB: Compressed tables use zlib 1.3.2
2026-07-27  8:23:40 0 [Note] InnoDB: Number of transaction pools: 1
2026-07-27  8:23:40 0 [Note] InnoDB: Using crc32 + pclmulqdq instructions
2026-07-27  8:23:40 0 [Note] InnoDB: Using ThreadPool
2026-07-27  8:23:40 0 [Note] InnoDB: innodb_buffer_pool_size_max=8388615m, innodb_buffer_pool_size=512m
2026-07-27  8:23:40 0 [Note] InnoDB: Completed initialization of buffer pool
2026-07-27  8:23:40 0 [Note] InnoDB: File system buffers for log disabled (block size=4096 bytes)
2026-07-27  8:23:40 0 [Note] InnoDB: End of log at LSN=779825585
2026-07-27  8:23:40 0 [Note] InnoDB: 128 rollback segments are active.
2026-07-27  8:23:40 0 [Note] InnoDB: Setting file './ibtmp1' size to 12.000MiB. Physically writing the file full; Please wait ...
2026-07-27  8:23:40 0 [Note] InnoDB: File './ibtmp1' size is now 12.000MiB.
2026-07-27  8:23:40 0 [Note] InnoDB: log sequence number 779825585; transaction id 396920
2026-07-27  8:23:40 0 [Note] InnoDB: Loading buffer pool(s) from d:\工作\code\spiderV5_optimized\setup\mariadb-10.11.18-winx64\data\ib_buffer_pool
2026-07-27  8:23:40 0 [Note] Plugin 'FEEDBACK' is disabled.
2026-07-27  8:23:40 0 [Note] mysqld.exe: SSPI: using principal name 'localhost', mech 'Negotiate'
2026-07-27  8:23:40 0 [Note] InnoDB: Buffer pool(s) load completed at 260727  8:23:40
2026-07-27  8:23:40 0 [Note] Server socket created on IP: '::', port: '3306'.
2026-07-27  8:23:40 0 [Note] Server socket created on IP: '0.0.0.0', port: '3306'.
2026-07-27  8:23:40 0 [Note] D:\工作\code\spiderV5_optimized\setup\mariadb-10.11.18-winx64\bin\mysqld.exe: ready for connections.
Version: '10.11.18-MariaDB'  socket: ''  port: 3306  MariaDB Server
2026-07-27  8:27:44 3 [Warning] Aborted connection 3 to db: 'warehouse_data' user: 'root' host: 'localhost' (Got an error reading communication packets)
2026-07-27 20:39:52 0 [Note] Windows service "MariaDB":  received SERVICE_CONTROL_SHUTDOWN
2026-07-27 20:39:52 0 [Note] D:\工作\code\spiderV5_optimized\setup\mariadb-10.11.18-winx64\bin\mysqld.exe (initiated by: unknown): Normal shutdown
2026-07-27 20:39:52 0 [Note] InnoDB: FTS optimize thread exiting.
2026-07-27 20:39:52 0 [Note] InnoDB: Starting shutdown...
2026-07-27 20:39:52 0 [Note] InnoDB: Dumping buffer pool(s) to d:\工作\code\spiderV5_optimized\setup\mariadb-10.11.18-winx64\data\ib_buffer_pool
2026-07-27 20:39:52 0 [Note] InnoDB: Buffer pool(s) dump completed at 260727 20:39:52
2026-07-27 20:39:52 0 [Note] InnoDB: Removed temporary tablespace data file: "./ibtmp1"
2026-07-27 20:39:52 0 [Note] Shutdown completed; log sequence number 779825585; transaction id 396934
2026-07-27 20:39:52 0 [Note] D:\工作\code\spiderV5_optimized\setup\mariadb-10.11.18-winx64\bin\mysqld.exe: Shutdown complete
2026-07-28  8:37:35 0 [Note] Starting MariaDB 10.11.18-MariaDB source revision 197f92bee02d8e836f529f37625be69b83e7acbd server_uid ajNgAiP4VA1cbZncuGzX5mxYDRE= as process 8384
2026-07-28  8:37:35 0 [Note] InnoDB: Compressed tables use zlib 1.3.2
2026-07-28  8:37:35 0 [Note] InnoDB: Number of transaction pools: 1
2026-07-28  8:37:35 0 [Note] InnoDB: Using crc32 + pclmulqdq instructions
2026-07-28  8:37:35 0 [Note] InnoDB: Using ThreadPool
2026-07-28  8:37:35 0 [Note] InnoDB: innodb_buffer_pool_size_max=8388608m, innodb_buffer_pool_size=512m
2026-07-28  8:37:35 0 [Note] InnoDB: Completed initialization of buffer pool
2026-07-28  8:37:35 0 [Note] InnoDB: File system buffers for log disabled (block size=4096 bytes)
2026-07-28  8:37:35 0 [Note] InnoDB: End of log at LSN=779825585
2026-07-28  8:37:35 0 [Note] InnoDB: 128 rollback segments are active.
2026-07-28  8:37:35 0 [Note] InnoDB: Setting file './ibtmp1' size to 12.000MiB. Physically writing the file full; Please wait ...
2026-07-28  8:37:35 0 [Note] InnoDB: File './ibtmp1' size is now 12.000MiB.
2026-07-28  8:37:35 0 [Note] InnoDB: log sequence number 779825585; transaction id 396920
2026-07-28  8:37:35 0 [Note] Plugin 'FEEDBACK' is disabled.
2026-07-28  8:37:35 0 [Note] mysqld.exe: SSPI: using principal name 'localhost', mech 'Negotiate'
2026-07-28  8:37:35 0 [Note] InnoDB: Loading buffer pool(s) from d:\工作\code\spiderV5_optimized\setup\mariadb-10.11.18-winx64\data\ib_buffer_pool
2026-07-28  8:37:35 0 [Note] Server socket created on IP: '::', port: '3306'.
2026-07-28  8:37:35 0 [Note] Server socket created on IP: '0.0.0.0', port: '3306'.
2026-07-28  8:37:35 0 [Note] InnoDB: Buffer pool(s) load completed at 260728  8:37:35
2026-07-28  8:37:35 0 [Note] D:\工作\code\spiderV5_optimized\setup\mariadb-10.11.18-winx64\bin\mysqld.exe: ready for connections.
Version: '10.11.18-MariaDB'  socket: ''  port: 3306  MariaDB Server
2026-07-28 11:18:03 3 [Warning] Aborted connection 3 to db: 'warehouse_data' user: 'root' host: 'localhost' (Got an error reading communication packets)
2026-07-28 11:18:36 4 [Warning] Aborted connection 4 to db: 'warehouse_data' user: 'root' host: 'localhost' (Got an error reading communication packets)
2026-07-28 19:09:02 0 [Note] Windows service "MariaDB":  received SERVICE_CONTROL_SHUTDOWN
2026-07-28 19:09:02 0 [Note] D:\工作\code\spiderV5_optimized\setup\mariadb-10.11.18-winx64\bin\mysqld.exe (initiated by: unknown): Normal shutdown
2026-07-28 19:09:02 0 [Note] InnoDB: FTS optimize thread exiting.
2026-07-28 19:09:02 0 [Note] InnoDB: Starting shutdown...
2026-07-28 19:09:02 0 [Note] InnoDB: Dumping buffer pool(s) to d:\工作\code\spiderV5_optimized\setup\mariadb-10.11.18-winx64\data\ib_buffer_pool
2026-07-28 19:09:02 0 [Note] InnoDB: Buffer pool(s) dump completed at 260728 19:09:02
2026-07-28 19:09:02 0 [Note] InnoDB: Removed temporary tablespace data file: "./ibtmp1"
2026-07-28 19:09:02 0 [Note] Shutdown completed; log sequence number 779825585; transaction id 396934
2026-07-28 19:09:02 0 [Note] D:\工作\code\spiderV5_optimized\setup\mariadb-10.11.18-winx64\bin\mysqld.exe: Shutdown complete
2026-07-28 19:47:41 0 [Note] Starting MariaDB 10.11.18-MariaDB source revision 197f92bee02d8e836f529f37625be69b83e7acbd server_uid ajNgAiP4VA1cbZncuGzX5mxYDRE= as process 8664
2026-07-28 19:47:41 0 [Note] InnoDB: Compressed tables use zlib 1.3.2
2026-07-28 19:47:41 0 [Note] InnoDB: Number of transaction pools: 1
2026-07-28 19:47:41 0 [Note] InnoDB: Using crc32 + pclmulqdq instructions
2026-07-28 19:47:41 0 [Note] InnoDB: Using ThreadPool
2026-07-28 19:47:42 0 [Note] InnoDB: innodb_buffer_pool_size_max=8388612m, innodb_buffer_pool_size=512m
2026-07-28 19:47:42 0 [Note] InnoDB: Completed initialization of buffer pool
2026-07-28 19:47:42 0 [Note] InnoDB: File system buffers for log disabled (block size=4096 bytes)
2026-07-28 19:47:42 0 [Note] InnoDB: End of log at LSN=779825585
2026-07-28 19:47:42 0 [Note] InnoDB: 128 rollback segments are active.
2026-07-28 19:47:42 0 [Note] InnoDB: Setting file './ibtmp1' size to 12.000MiB. Physically writing the file full; Please wait ...
2026-07-28 19:47:42 0 [Note] InnoDB: File './ibtmp1' size is now 12.000MiB.
2026-07-28 19:47:42 0 [Note] InnoDB: log sequence number 779825585; transaction id 396920
2026-07-28 19:47:42 0 [Note] Plugin 'FEEDBACK' is disabled.
2026-07-28 19:47:42 0 [Note] mysqld.exe: SSPI: using principal name 'localhost', mech 'Negotiate'
2026-07-28 19:47:42 0 [Note] InnoDB: Loading buffer pool(s) from d:\工作\code\spiderV5_optimized\setup\mariadb-10.11.18-winx64\data\ib_buffer_pool
2026-07-28 19:47:42 0 [Note] Server socket created on IP: '::', port: '3306'.
2026-07-28 19:47:42 0 [Note] Server socket created on IP: '0.0.0.0', port: '3306'.
2026-07-28 19:47:42 0 [Note] InnoDB: Buffer pool(s) load completed at 260728 19:47:42
2026-07-28 19:47:42 0 [Note] D:\工作\code\spiderV5_optimized\setup\mariadb-10.11.18-winx64\bin\mysqld.exe: ready for connections.
Version: '10.11.18-MariaDB'  socket: ''  port: 3306  MariaDB Server
2026-07-28 22:20:41 0 [Note] Windows service "MariaDB":  received SERVICE_CONTROL_SHUTDOWN
2026-07-28 22:20:41 0 [Note] D:\工作\code\spiderV5_optimized\setup\mariadb-10.11.18-winx64\bin\mysqld.exe (initiated by: unknown): Normal shutdown
2026-07-28 22:20:41 0 [Note] InnoDB: FTS optimize thread exiting.
2026-07-28 22:20:41 0 [Note] InnoDB: Starting shutdown...
2026-07-28 22:20:41 0 [Note] InnoDB: Dumping buffer pool(s) to d:\工作\code\spiderV5_optimized\setup\mariadb-10.11.18-winx64\data\ib_buffer_pool
2026-07-28 22:20:41 0 [Note] InnoDB: Buffer pool(s) dump completed at 260728 22:20:41
2026-07-28 22:20:41 0 [Note] InnoDB: Removed temporary tablespace data file: "./ibtmp1"
2026-07-28 22:20:41 0 [Note] Shutdown completed; log sequence number 779825585; transaction id 396921
2026-07-28 22:20:41 0 [Note] D:\工作\code\spiderV5_optimized\setup\mariadb-10.11.18-winx64\bin\mysqld.exe: Shutdown complete
2026-07-29  8:26:35 0 [Note] Starting MariaDB 10.11.18-MariaDB source revision 197f92bee02d8e836f529f37625be69b83e7acbd server_uid ajNgAiP4VA1cbZncuGzX5mxYDRE= as process 8640
2026-07-29  8:26:35 0 [Note] InnoDB: Compressed tables use zlib 1.3.2
2026-07-29  8:26:35 0 [Note] InnoDB: Number of transaction pools: 1
2026-07-29  8:26:35 0 [Note] InnoDB: Using crc32 + pclmulqdq instructions
2026-07-29  8:26:35 0 [Note] InnoDB: Using ThreadPool
2026-07-29  8:26:35 0 [Note] InnoDB: innodb_buffer_pool_size_max=8388611m, innodb_buffer_pool_size=512m
2026-07-29  8:26:35 0 [Note] InnoDB: Completed initialization of buffer pool
2026-07-29  8:26:35 0 [Note] InnoDB: File system buffers for log disabled (block size=4096 bytes)
2026-07-29  8:26:35 0 [Note] InnoDB: End of log at LSN=779825585
2026-07-29  8:26:35 0 [Note] InnoDB: 128 rollback segments are active.
2026-07-29  8:26:35 0 [Note] InnoDB: Setting file './ibtmp1' size to 12.000MiB. Physically writing the file full; Please wait ...
2026-07-29  8:26:35 0 [Note] InnoDB: File './ibtmp1' size is now 12.000MiB.
2026-07-29  8:26:35 0 [Note] InnoDB: log sequence number 779825585; transaction id 396920
2026-07-29  8:26:35 0 [Note] Plugin 'FEEDBACK' is disabled.
2026-07-29  8:26:35 0 [Note] InnoDB: Loading buffer pool(s) from d:\工作\code\spiderV5_optimized\setup\mariadb-10.11.18-winx64\data\ib_buffer_pool
2026-07-29  8:26:35 0 [Note] mysqld.exe: SSPI: using principal name 'localhost', mech 'Negotiate'
2026-07-29  8:26:35 0 [Note] Server socket created on IP: '::', port: '3306'.
2026-07-29  8:26:35 0 [Note] Server socket created on IP: '0.0.0.0', port: '3306'.
2026-07-29  8:26:36 0 [Note] D:\工作\code\spiderV5_optimized\setup\mariadb-10.11.18-winx64\bin\mysqld.exe: ready for connections.
Version: '10.11.18-MariaDB'  socket: ''  port: 3306  MariaDB Server
2026-07-29  8:26:36 0 [Note] InnoDB: Buffer pool(s) load completed at 260729  8:26:36
2026-07-29 14:42:54 5 [Warning] Aborted connection 5 to db: 'warehouse_data' user: 'root' host: 'localhost' (Got an error reading communication packets)
2026-07-29 14:50:56 6 [Warning] Aborted connection 6 to db: 'warehouse_data' user: 'root' host: 'localhost' (Got an error reading communication packets)
